Command: python -u main.py nyc-airbnb --disable_scheduling
Started: Sun Mar 29 09:34:42 PM PDT 2026
Annotated notebook saved to /scratch/jieq/pandax/ds_notebooks/nyc-airbnb/src/cell_exec_info.ipynb
Executing code: import sys, os
%load_ext ElasticNotebook
from elastic.core.common.pandas import compare_df, convert_col
import pickle
Executing code: %%RecordEventWithColumnInfo
#
# Import Visualization FrameWork Tools
import pandas as pd
import numpy as np
from pathlib import Path
from utils.benchmarks import BENCHMARKS_TO_PATHS

# import missingno as msno
Executing code: %%RecordEventWithColumnInfo
### cell 0 ###

df = pd.read_csv(Path(BENCHMARKS_TO_PATHS[benchmark_name]).parent / "input" / "AB_NYC_2019.csv")
factor = 3
df = pd.concat([df] * factor)
df.head()
Traceback (most recent call last):
  File "/scratch/jieq/pandax/main.py", line 315, in <module>
    asyncio.run(main())
  File "/scratch/jieq/conda-envs/rapids-26.02/lib/python3.10/asyncio/runners.py", line 44, in run
    return loop.run_until_complete(main)
  File "/scratch/jieq/conda-envs/rapids-26.02/lib/python3.10/asyncio/base_events.py", line 649, in run_until_complete
    return future.result()
  File "/scratch/jieq/pandax/main.py", line 119, in main
    cell_exec_info = get_cell_exec_info(small_notebook_path, shell)
  File "/scratch/jieq/pandax/utils/schedule.py", line 67, in get_cell_exec_info
    execute_cell(cell, shell)
  File "/scratch/jieq/pandax/utils/execution.py", line 193, in execute_cell
    return execute_code(cell.source, shell)
  File "/scratch/jieq/pandax/utils/execution.py", line 187, in execute_code
    raise Exception(f"Error in code execution: {captured_output}")
Exception: Error in code execution: [0;31m---------------------------------------------------------------------------[0m
[0;31mNameError[0m                                 Traceback (most recent call last)
Cell [0;32mIn[1], line 3[0m
[1;32m      1[0m [38;5;66;03m### cell 0 ###[39;00m
[0;32m----> 3[0m df [38;5;241m=[39m pd[38;5;241m.[39mread_csv(Path(BENCHMARKS_TO_PATHS[[43mbenchmark_name[49m])[38;5;241m.[39mparent [38;5;241m/[39m [38;5;124m"[39m[38;5;124minput[39m[38;5;124m"[39m [38;5;241m/[39m [38;5;124m"[39m[38;5;124mAB_NYC_2019.csv[39m[38;5;124m"[39m)
[1;32m      4[0m factor [38;5;241m=[39m [38;5;241m3[39m
[1;32m      5[0m df [38;5;241m=[39m pd[38;5;241m.[39mconcat([df] [38;5;241m*[39m factor)

[0;31mNameError[0m: name 'benchmark_name' is not defined

Status: FAILED (exit 1)
Finished: Sun Mar 29 09:34:47 PM PDT 2026

