Command: python -u main.py nyc-airbnb --disable_scheduling
Started: Sun Mar 29 10:45:56 PM PDT 2026
Loaded cell exec info from /scratch/jieq/pandax/ds_notebooks/nyc-airbnb/src/intermediate/cell_exec_info.pkl
Getting cudf profile information...
Annotated notebook saved to /scratch/jieq/pandax/ds_notebooks/nyc-airbnb/src/cudf_profile.ipynb
Done getting cudf profile information.
Ran small notebook to get cudf profile info in 108.19879055023193 seconds
Annotated notebook saved to /scratch/jieq/pandax/ds_notebooks/nyc-airbnb/src/small_annotated.ipynb
Executing code: %reset -f
Executing code: %reload_ext ElasticNotebook
Executing 3 cells up to cell 0.
========================================================
Checkpointing before runing cell 0.
========================================================
Cell 0
Small pre-checkpoint path: /scratch/jieq/pandax/ds_notebooks/nyc-airbnb/src/small_annotated/checkpoints/pre_cell_0.pickle
Small rewritten pre-checkpoint path: /scratch/jieq/pandax/ds_notebooks/nyc-airbnb/src/small_annotated/checkpoints/pre_cell_0.pickle
========================================================
Getting original timing for cell 0
Original time for cell 0 took 17.92120671272278 seconds.
Setting initially best_rewritten_post_checkpoint_path:  /scratch/jieq/pandax/ds_notebooks/nyc-airbnb/src/small_bench/checkpoints/post_cell_0.pickle
========================================================
Rewriting cell 0... Try 0... 
Manager agent prompt:  
        <Original Code>:
        ### cell 0 ###

benchmark_name = "nyc-airbnb"
df = pd.read_csv(Path(BENCHMARKS_TO_PATHS[benchmark_name]).parent / "input" / "AB_NYC_2019.csv")
factor = 3
df = pd.concat([df] * factor)
df.head()
        <Profiling data>:
                     Function  GPU calls  CPU calls
0            read_csv          1          0
1              concat          1          0
2        NDFrame.head          1          0
3  DataFrame.__repr__          1          0

        <Execution time>: 1200.0
        <Active vars>: ['df']

        <Future vars>: []

        <Iteration>: 1/5
    
==========Running the manager agent to decide the next step==========
Choice: new
Reason: The original code has not been rewritten yet and still can be optimized further, possibly using libraries like cuDF for GPU acceleration or rewriting to better aggregate and manage the dataframe.
Generating new code from the original code
Prompt: 
        <Original Code>:
        ### cell 0 ###

benchmark_name = "nyc-airbnb"
df = pd.read_csv(Path(BENCHMARKS_TO_PATHS[benchmark_name]).parent / "input" / "AB_NYC_2019.csv")
factor = 3
df = pd.concat([df] * factor)
df.head()
        <Profiling data>:
                     Function  GPU calls  CPU calls
0            read_csv          1          0
1              concat          1          0
2        NDFrame.head          1          0
3  DataFrame.__repr__          1          0

        <Execution time>: 1200.0
        <Active vars>: ['df']

        <Future vars>: []

        <Iteration>: 1/5
    
Code: done
Reason: All operations (read_csv, concat, head) are already executed on the GPU with no CPU involvement; there is no further optimization needed in this cell.
No Modifications made to the original code
Try 0: calling rewrite agent for cell 0 took 10.111663341522217 seconds.
There is no need to rewrite the cell.
Could not rewrite the cell. Continuing to next cell...
========================================================
After rewriting cell  0
Rewritten post-checkpoint path: /scratch/jieq/pandax/ds_notebooks/nyc-airbnb/src/small_bench/checkpoints/post_cell_0.pickle
========================================================
Cell 0 rewriting took 28.03554654121399 seconds.
Getting original timing for cell 1
Original time for cell 1 took 17.042179822921753 seconds.
Setting initially best_rewritten_post_checkpoint_path:  /scratch/jieq/pandax/ds_notebooks/nyc-airbnb/src/small_bench/checkpoints/post_cell_1.pickle
========================================================
Rewriting cell 1... Try 0... 
Manager agent prompt:  
        <Original Code>:
        ### cell 1 ###

df.shape
        <Profiling data>:
            Function  GPU calls  CPU calls
0  DataFrame          1          0

        <Execution time>: 4.32
        <Active vars>: []

        <Future vars>: ['df']

        <Iteration>: 1/5
    
==========Running the manager agent to decide the next step==========
Choice: done
Reason: The code cannot be meaningfully optimized as it is primarily used for debugging to get the shape of the DataFrame.
Code is already optimized
Try 0: calling rewrite agent for cell 1 took 0.878593921661377 seconds.
There is no need to rewrite the cell.
Could not rewrite the cell. Continuing to next cell...
========================================================
After rewriting cell  1
Rewritten post-checkpoint path: /scratch/jieq/pandax/ds_notebooks/nyc-airbnb/src/small_bench/checkpoints/post_cell_1.pickle
========================================================
Cell 1 rewriting took 17.923486709594727 seconds.
Getting original timing for cell 2
Traceback (most recent call last):
  File "/scratch/jieq/pandax/main.py", line 315, in <module>
    asyncio.run(main())
  File "/scratch/jieq/conda-envs/rapids-26.02/lib/python3.10/asyncio/runners.py", line 44, in run
    return loop.run_until_complete(main)
  File "/scratch/jieq/conda-envs/rapids-26.02/lib/python3.10/asyncio/base_events.py", line 636, in run_until_complete
    self.run_forever()
  File "/scratch/jieq/conda-envs/rapids-26.02/lib/python3.10/asyncio/base_events.py", line 603, in run_forever
    self._run_once()
  File "/scratch/jieq/conda-envs/rapids-26.02/lib/python3.10/asyncio/base_events.py", line 1909, in _run_once
    handle._run()
  File "/scratch/jieq/conda-envs/rapids-26.02/lib/python3.10/asyncio/events.py", line 80, in _run
    self._context.run(self._callback, *self._args)
  File "/scratch/jieq/pandax/main.py", line 178, in main
    await rewrite_notebook(
  File "/scratch/jieq/pandax/utils/rewrite.py", line 183, in rewrite_notebook
    ) = await _rewrite_cell(
  File "/scratch/jieq/pandax/utils/rewrite.py", line 330, in _rewrite_cell
    execute_notebook(original_cell_notebook)
  File "/scratch/jieq/pandax/utils/execution.py", line 547, in execute_notebook
    nb_client.execute()
  File "/scratch/jieq/conda-envs/rapids-26.02/lib/python3.10/site-packages/jupyter_core/utils/__init__.py", line 164, in wrapped
    return _runner_map[name].run(inner)
  File "/scratch/jieq/conda-envs/rapids-26.02/lib/python3.10/site-packages/jupyter_core/utils/__init__.py", line 127, in run
    return fut.result(None)
  File "/scratch/jieq/conda-envs/rapids-26.02/lib/python3.10/concurrent/futures/_base.py", line 453, in result
    self._condition.wait(timeout)
  File "/scratch/jieq/conda-envs/rapids-26.02/lib/python3.10/threading.py", line 320, in wait
    waiter.acquire()
KeyboardInterrupt
Exception ignored in atexit callback: <bound method run_sync.<locals>.wrapped of <nbclient.client.NotebookClient object at 0x79294cccf700>>
Traceback (most recent call last):
  File "/scratch/jieq/conda-envs/rapids-26.02/lib/python3.10/site-packages/jupyter_core/utils/__init__.py", line 158, in wrapped
    return loop.run_until_complete(inner)
  File "/scratch/jieq/conda-envs/rapids-26.02/lib/python3.10/asyncio/base_events.py", line 636, in run_until_complete
    self.run_forever()
  File "/scratch/jieq/conda-envs/rapids-26.02/lib/python3.10/asyncio/base_events.py", line 603, in run_forever
    self._run_once()
  File "/scratch/jieq/conda-envs/rapids-26.02/lib/python3.10/asyncio/base_events.py", line 1871, in _run_once
    event_list = self._selector.select(timeout)
  File "/scratch/jieq/conda-envs/rapids-26.02/lib/python3.10/selectors.py", line 469, in select
    fd_event_list = self._selector.poll(timeout, max_ev)
KeyboardInterrupt: 
[IPKernelApp] WARNING | Parent appears to have exited, shutting down.
