Command: python -u main.py imdb-dataset-eda-project --disable_scheduling
Started: Mon Mar 30 04:29:12 UTC 2026
Loaded cell exec info from /home/sahilbhatia/pandax/dias_notebooks/sanket7994/imdb-dataset-eda-project/src/intermediate/cell_exec_info.pkl
Loaded cuDF profile info from /home/sahilbhatia/pandax/dias_notebooks/sanket7994/imdb-dataset-eda-project/src/intermediate/cudf_profile_info.pkl
Annotated notebook saved to /home/sahilbhatia/pandax/dias_notebooks/sanket7994/imdb-dataset-eda-project/src/small_annotated.ipynb
Executing code: %reset -f
Executing code: %reload_ext ElasticNotebook
Executing 3 cells up to cell 0.
========================================================
Checkpointing before runing cell 0.
========================================================
Cell 0
Small pre-checkpoint path: /home/sahilbhatia/pandax/dias_notebooks/sanket7994/imdb-dataset-eda-project/src/small_annotated/checkpoints/pre_cell_0.pickle
Small rewritten pre-checkpoint path: /home/sahilbhatia/pandax/dias_notebooks/sanket7994/imdb-dataset-eda-project/src/small_annotated/checkpoints/pre_cell_0.pickle
========================================================
Getting original timing for cell 0
Original time for cell 0 took 89.06304001808167 seconds.
Setting initially best_rewritten_post_checkpoint_path:  /home/sahilbhatia/pandax/dias_notebooks/sanket7994/imdb-dataset-eda-project/src/small_bench/checkpoints/post_cell_0.pickle
========================================================
Rewriting cell 0... Try 0... 
Manager agent prompt:  
        <Original Code>:
        ### cell 0 ###

df  = pd.read_csv(Path(BENCHMARKS_TO_PATHS[benchmark_name]).parent / "input" / "imdb-official-movies-dataset" / "title-ratings.csv")
df2 = pd.read_csv(Path(BENCHMARKS_TO_PATHS[benchmark_name]).parent / "input" / "imdb-official-movies-dataset" / "title-metadata.csv")
factor = 0.1

# Merging Rating and MetaData datsets into single dataframe w.r.t common column
main_df = pd.merge(df,df2,on='tconst')
main_df = main_df.sample(frac=factor, random_state=0)
main_df.head()
        <Profiling data>:
                     Function  GPU calls  CPU calls
0            read_csv          2          0
1               merge          1          0
2      NDFrame.sample          1          0
3        NDFrame.head          1          0
4  DataFrame.__repr__          1          0

        <Execution time>: 627.0
        <Active vars>: ['main_df']

        <Future vars>: []

        <Iteration>: 1/5
    
==========Running the manager agent to decide the next step==========
Choice: new
Reason: The code uses Pandas for reading and merging data, which can be optimized by switching to cuDF for GPU acceleration. There's no rewritten code provided, so I will optimize the original code.
Generating new code from the original code
Prompt: 
        <Original Code>:
        ### cell 0 ###

df  = pd.read_csv(Path(BENCHMARKS_TO_PATHS[benchmark_name]).parent / "input" / "imdb-official-movies-dataset" / "title-ratings.csv")
df2 = pd.read_csv(Path(BENCHMARKS_TO_PATHS[benchmark_name]).parent / "input" / "imdb-official-movies-dataset" / "title-metadata.csv")
factor = 0.1

# Merging Rating and MetaData datsets into single dataframe w.r.t common column
main_df = pd.merge(df,df2,on='tconst')
main_df = main_df.sample(frac=factor, random_state=0)
main_df.head()
        <Profiling data>:
                     Function  GPU calls  CPU calls
0            read_csv          2          0
1               merge          1          0
2      NDFrame.sample          1          0
3        NDFrame.head          1          0
4  DataFrame.__repr__          1          0

        <Execution time>: 627.0
        <Active vars>: ['main_df']

        <Future vars>: []

        <Iteration>: 1/5
    
Code: df  = pd.read_csv(
    Path(BENCHMARKS_TO_PATHS[benchmark_name]).parent
    / "input"
    / "imdb-official-movies-dataset"
    / "title-ratings.csv"
)
df2 = pd.read_csv(
    Path(BENCHMARKS_TO_PATHS[benchmark_name]).parent
    / "input"
    / "imdb-official-movies-dataset"
    / "title-metadata.csv"
)
factor = 0.1

# Sample the smaller ratings table first, then join to metadata
main_df = (
    df.sample(frac=factor, random_state=0)
      .merge(df2, on="tconst")
)

main_df.head()
Reason: By sampling the ratings dataframe before merging, we reduce the number of rows participating in the join by 90%, cutting down GPU work and data movement while preserving the same 10% random subset of matched records.
Parsed response: df  = pd.read_csv(
    Path(BENCHMARKS_TO_PATHS[benchmark_name]).parent
    / "input"
    / "imdb-official-movies-dataset"
    / "title-ratings.csv"
)
df2 = pd.read_csv(
    Path(BENCHMARKS_TO_PATHS[benchmark_name]).parent
    / "input"
    / "imdb-official-movies-dataset"
    / "title-metadata.csv"
)
factor = 0.1

# Sample the smaller ratings table first, then join to metadata
main_df = (
    df.sample(frac=factor, random_state=0)
      .merge(df2, on="tconst")
)

main_df.head()
Try 0: calling rewrite agent for cell 0 took 24.065186738967896 seconds.
Executing rewritten code... ### cell 0 ###

df  = pd.read_csv(
    Path(BENCHMARKS_TO_PATHS[benchmark_name]).parent
    / "input"
    / "imdb-official-movies-dataset"
    / "title-ratings.csv"
)
df2 = pd.read_csv(
    Path(BENCHMARKS_TO_PATHS[benchmark_name]).parent
    / "input"
    / "imdb-official-movies-dataset"
    / "title-metadata.csv"
)
factor = 0.1

# Sample the smaller ratings table first, then join to metadata
main_df = (
    df.sample(frac=factor, random_state=0)
      .merge(df2, on="tconst")
)

main_df.head()
Running rewritten cell notebook
An unexpected error occurred An error occurred while executing the following cell:
------------------
main_df_opt = main_df
%LoadCheckpoint /home/sahilbhatia/pandax/dias_notebooks/sanket7994/imdb-dataset-eda-project/src/small_bench/checkpoints/post_cell_0.pickle
assert compare_df(main_df_opt, main_df)

import numpy as np
if os.getenv("USE_GPU") == "True":
    import cudf
from elastic.core.common.pandas import is_type_styler
is_orig_output_pd = isinstance(orig_output, (pd.Series, pd.DataFrame, pd.Index))
is_opt_output_pd = isinstance(opt_output, (pd.Series, pd.DataFrame, pd.Index))
if os.getenv("USE_GPU") == "True":
    is_orig_output_array = isinstance(orig_output, (cudf.pandas._wrappers.numpy.ndarray, np.ndarray))
    is_opt_output_array = isinstance(opt_output, (cudf.pandas._wrappers.numpy.ndarray, np.ndarray))
else:
    is_orig_output_array = isinstance(orig_output, np.ndarray)
    is_opt_output_array = isinstance(opt_output, np.ndarray)

is_orig_output_styler = is_type_styler(type(orig_output))
is_opt_output_styler = is_type_styler(type(opt_output))
if is_orig_output_styler and is_opt_output_styler:
    assert orig_output.to_html() == opt_output.to_html()
elif is_orig_output_styler:
    assert orig_output.to_html() == opt_output.to_html()
elif is_opt_output_styler:
    assert opt_output.to_html() == orig_output

if is_orig_output_pd and is_opt_output_pd:
    assert orig_output.equals(opt_output)
# TODO(jie): this is a hack.
elif ((is_orig_output_pd or is_opt_output_pd) and (is_orig_output_array or is_opt_output_array)) or (is_orig_output_array and is_opt_output_array):
    assert list(orig_output) == list(opt_output)
else:
    assert orig_output == opt_output

------------------

----- stdout -----
trying: ['filename']
me:  0
trying: ['filenames']
me:  0
trying: ['main_df']
me:  1
trying: ['pd']
me:  0
trying: ['benchmark_name']
me:  0
trying: ['factor']
me:  1
trying: ['timedelta']
me:  0
trying: ['np']
me:  0
trying: ['df']
me:  1
trying: ['Path']
me:  0
trying: ['time']
me:  0
trying: ['BENCHMARKS_TO_PATHS']
me:  0
trying: ['orig_output']
me:  2
trying: ['df2']
----- stdout -----
me:  1
trying: ['plt']
me:  0
trying: ['dirname']
me:  0
----- stdout -----
Declaring variable filename
Declaring variable filenames
Declaring variable pd
Declaring variable benchmark_name
Declaring variable timedelta
Declaring variable np
Declaring variable Path
Declaring variable time
Declaring variable BENCHMARKS_TO_PATHS
Declaring variable plt
Declaring variable dirname
Declaring variable main_df
Declaring variable factor
Declaring variable df
Declaring variable df2
Declaring variable orig_output
------------------

[0;31m---------------------------------------------------------------------------[0m
[0;31mValueError[0m                                Traceback (most recent call last)
Cell [0;32mIn[9], line 3[0m
[1;32m      1[0m main_df_opt [38;5;241m=[39m main_df
[1;32m      2[0m get_ipython()[38;5;241m.[39mrun_line_magic([38;5;124m'[39m[38;5;124mLoadCheckpoint[39m[38;5;124m'[39m, [38;5;124m'[39m[38;5;124m/home/sahilbhatia/pandax/dias_notebooks/sanket7994/imdb-dataset-eda-project/src/small_bench/checkpoints/post_cell_0.pickle[39m[38;5;124m'[39m)
[0;32m----> 3[0m [38;5;28;01massert[39;00m [43mcompare_df[49m[43m([49m[43mmain_df_opt[49m[43m,[49m[43m [49m[43mmain_df[49m[43m)[49m
[1;32m      5[0m [38;5;28;01mimport[39;00m[38;5;250m [39m[38;5;21;01mnumpy[39;00m[38;5;250m [39m[38;5;28;01mas[39;00m[38;5;250m [39m[38;5;21;01mnp[39;00m
[1;32m      6[0m [38;5;28;01mif[39;00m os[38;5;241m.[39mgetenv([38;5;124m"[39m[38;5;124mUSE_GPU[39m[38;5;124m"[39m) [38;5;241m==[39m [38;5;124m"[39m[38;5;124mTrue[39m[38;5;124m"[39m:

File [0;32m/home/sahilbhatia/elastic-notebook/elastic/core/common/pandas.py:146[0m, in [0;36mcompare_df[0;34m(df1, df2)[0m
[1;32m    143[0m     [38;5;28;01mraise[39;00m [38;5;167;01mValueError[39;00m([38;5;124mf[39m[38;5;124m"[39m[38;5;124mContent of df1 and df2 do not match[39m[38;5;124m"[39m)
[1;32m    145[0m [38;5;28;01mif[39;00m hash_obj(df1[38;5;241m.[39mindex[38;5;241m.[39mvalues) [38;5;241m!=[39m hash_obj(df2[38;5;241m.[39mindex[38;5;241m.[39mvalues):
[0;32m--> 146[0m     [38;5;28;01mraise[39;00m [38;5;167;01mValueError[39;00m([38;5;124m"[39m[38;5;124mIndex of df1 and df2 do not match[39m[38;5;124m"[39m)
[1;32m    148[0m [38;5;28;01mreturn[39;00m [38;5;28;01mTrue[39;00m

[0;31mValueError[0m: Index of df1 and df2 do not match

Rewritten time: inf ms
========================================================
Rewriting cell 0... Try 1... 
Manager agent prompt:  
        <Original Code>:
        ### cell 0 ###

df  = pd.read_csv(Path(BENCHMARKS_TO_PATHS[benchmark_name]).parent / "input" / "imdb-official-movies-dataset" / "title-ratings.csv")
df2 = pd.read_csv(Path(BENCHMARKS_TO_PATHS[benchmark_name]).parent / "input" / "imdb-official-movies-dataset" / "title-metadata.csv")
factor = 0.1

# Merging Rating and MetaData datsets into single dataframe w.r.t common column
main_df = pd.merge(df,df2,on='tconst')
main_df = main_df.sample(frac=factor, random_state=0)
main_df.head()
        <Profiling data>:
                     Function  GPU calls  CPU calls
0            read_csv          2          0
1               merge          1          0
2      NDFrame.sample          1          0
3        NDFrame.head          1          0
4  DataFrame.__repr__          1          0
        <Execution time>: 627.0
        <Active Vars>: ['main_df']
        <Future Vars>: []
        <Rewritten Code>:
        ### cell 0 ###

df  = pd.read_csv(
    Path(BENCHMARKS_TO_PATHS[benchmark_name]).parent
    / "input"
    / "imdb-official-movies-dataset"
    / "title-ratings.csv"
)
df2 = pd.read_csv(
    Path(BENCHMARKS_TO_PATHS[benchmark_name]).parent
    / "input"
    / "imdb-official-movies-dataset"
    / "title-metadata.csv"
)
factor = 0.1

# Sample the smaller ratings table first, then join to metadata
main_df = (
    df.sample(frac=factor, random_state=0)
      .merge(df2, on="tconst")
)

main_df.head()
        <Profiling data>:
        None
        <Execution time>: inf
        <Execution output>: The rewritten code resulted in a runtime error. An error occurred while executing the following cell:
------------------
main_df_opt = main_df
%LoadCheckpoint /home/sahilbhatia/pandax/dias_notebooks/sanket7994/imdb-dataset-eda-project/src/small_bench/checkpoints/post_cell_0.pickle
assert compare_df(main_df_opt, main_df)

import numpy as np
if os.getenv("USE_GPU") == "True":
    import cudf
from elastic.core.common.pandas import is_type_styler
is_orig_output_pd = isinstance(orig_output, (pd.Series, pd.DataFrame, pd.Index))
is_opt_output_pd = isinstance(opt_output, (pd.Series, pd.DataFrame, pd.Index))
if os.getenv("USE_GPU") == "True":
    is_orig_output_array = isinstance(orig_output, (cudf.pandas._wrappers.numpy.ndarray, np.ndarray))
    is_opt_output_array = isinstance(opt_output, (cudf.pandas._wrappers.numpy.ndarray, np.ndarray))
else:
    is_orig_output_array = isinstance(orig_output, np.ndarray)
    is_opt_output_array = isinstance(opt_output, np.ndarray)

is_orig_output_styler = is_type_styler(type(orig_output))
is_opt_output_styler = is_type_styler(type(opt_output))
if is_orig_output_styler and is_opt_output_styler:
    assert orig_output.to_html() == opt_output.to_html()
elif is_orig_output_styler:
    assert orig_output.to_html() == opt_output.to_html()
elif is_opt_output_styler:
    assert opt_output.to_html() == orig_output

if is_orig_output_pd and is_opt_output_pd:
    assert orig_output.equals(opt_output)
# TODO(jie): this is a hack.
elif ((is_orig_output_pd or is_opt_output_pd) and (is_orig_output_array or is_opt_output_array)) or (is_orig_output_array and is_opt_output_array):
    assert list(orig_output) == list(opt_output)
else:
    assert orig_output == opt_output

------------------

----- stdout -----
trying: ['filename']
me:  0
trying: ['filenames']
me:  0
trying: ['main_df']
me:  1
trying: ['pd']
me:  0
trying: ['benchmark_name']
me:  0
trying: ['factor']
me:  1
trying: ['timedelta']
me:  0
trying: ['np']
me:  0
trying: ['df']
me:  1
trying: ['Path']
me:  0
trying: ['time']
me:  0
trying: ['BENCHMARKS_TO_PATHS']
me:  0
trying: ['orig_output']
me:  2
trying: ['df2']
----- stdout -----
me:  1
trying: ['plt']
me:  0
trying: ['dirname']
me:  0
----- stdout -----
Declaring variable filename
Declaring variable filenames
Declaring variable pd
Declaring variable benchmark_name
Declaring variable timedelta
Declaring variable np
Declaring variable Path
Declaring variable time
Declaring variable BENCHMARKS_TO_PATHS
Declaring variable plt
Declaring variable dirname
Declaring variable main_df
Declaring variable factor
Declaring variable df
Declaring variable df2
Declaring variable orig_output
------------------

[0;31m---------------------------------------------------------------------------[0m
[0;31mValueError[0m                                Traceback (most recent call last)
Cell [0;32mIn[9], line 3[0m
[1;32m      1[0m main_df_opt [38;5;241m=[39m main_df
[1;32m      2[0m get_ipython()[38;5;241m.[39mrun_line_magic([38;5;124m'[39m[38;5;124mLoadCheckpoint[39m[38;5;124m'[39m, [38;5;124m'[39m[38;5;124m/home/sahilbhatia/pandax/dias_notebooks/sanket7994/imdb-dataset-eda-project/src/small_bench/checkpoints/post_cell_0.pickle[39m[38;5;124m'[39m)
[0;32m----> 3[0m [38;5;28;01massert[39;00m [43mcompare_df[49m[43m([49m[43mmain_df_opt[49m[43m,[49m[43m [49m[43mmain_df[49m[43m)[49m
[1;32m      5[0m [38;5;28;01mimport[39;00m[38;5;250m [39m[38;5;21;01mnumpy[39;00m[38;5;250m [39m[38;5;28;01mas[39;00m[38;5;250m [39m[38;5;21;01mnp[39;00m
[1;32m      6[0m [38;5;28;01mif[39;00m os[38;5;241m.[39mgetenv([38;5;124m"[39m[38;5;124mUSE_GPU[39m[38;5;124m"[39m) [38;5;241m==[39m [38;5;124m"[39m[38;5;124mTrue[39m[38;5;124m"[39m:

File [0;32m/home/sahilbhatia/elastic-notebook/elastic/core/common/pandas.py:146[0m, in [0;36mcompare_df[0;34m(df1, df2)[0m
[1;32m    143[0m     [38;5;28;01mraise[39;00m [38;5;167;01mValueError[39;00m([38;5;124mf[39m[38;5;124m"[39m[38;5;124mContent of df1 and df2 do not match[39m[38;5;124m"[39m)
[1;32m    145[0m [38;5;28;01mif[39;00m hash_obj(df1[38;5;241m.[39mindex[38;5;241m.[39mvalues) [38;5;241m!=[39m hash_obj(df2[38;5;241m.[39mindex[38;5;241m.[39mvalues):
[0;32m--> 146[0m     [38;5;28;01mraise[39;00m [38;5;167;01mValueError[39;00m([38;5;124m"[39m[38;5;124mIndex of df1 and df2 do not match[39m[38;5;124m"[39m)
[1;32m    148[0m [38;5;28;01mreturn[39;00m [38;5;28;01mTrue[39;00m

[0;31mValueError[0m: Index of df1 and df2 do not match

        <Iteration>: 2/5
    
==========Running the manager agent to decide the next step==========
Choice: new
Reason: The rewritten code resulted in a runtime error due to mismatching indices. Given there is no successful optimization from the rewritten code, it's best to start from the original code and attempt a new optimization attempt.
Generating new code from the original code
Prompt: 
        <Original Code>:
        ### cell 0 ###

df  = pd.read_csv(Path(BENCHMARKS_TO_PATHS[benchmark_name]).parent / "input" / "imdb-official-movies-dataset" / "title-ratings.csv")
df2 = pd.read_csv(Path(BENCHMARKS_TO_PATHS[benchmark_name]).parent / "input" / "imdb-official-movies-dataset" / "title-metadata.csv")
factor = 0.1

# Merging Rating and MetaData datsets into single dataframe w.r.t common column
main_df = pd.merge(df,df2,on='tconst')
main_df = main_df.sample(frac=factor, random_state=0)
main_df.head()
        <Profiling data>:
                     Function  GPU calls  CPU calls
0            read_csv          2          0
1               merge          1          0
2      NDFrame.sample          1          0
3        NDFrame.head          1          0
4  DataFrame.__repr__          1          0

        <Execution time>: 627.0
        <Active vars>: ['main_df']

        <Future vars>: []

        <Iteration>: 2/5
    
Code: done
Reason: All operations (read_csv, merge, sample, head) are already executed on the GPU via cudf with no CPU operations, so no further optimizations are needed in this cell.
No Modifications made to the original code
Try 1: calling rewrite agent for cell 0 took 18.61730647087097 seconds.
Could not rewrite the cell. Continuing to next cell...
========================================================
After rewriting cell  0
Rewritten post-checkpoint path: /home/sahilbhatia/pandax/dias_notebooks/sanket7994/imdb-dataset-eda-project/src/small_bench/checkpoints/post_cell_0.pickle
========================================================
Cell 0 rewriting took 184.4083752632141 seconds.
Traceback (most recent call last):
  File "/home/sahilbhatia/pandax/main.py", line 315, in <module>
    asyncio.run(main())
  File "/opt/conda/envs/rapids-25.02/lib/python3.10/asyncio/runners.py", line 44, in run
    return loop.run_until_complete(main)
  File "/opt/conda/envs/rapids-25.02/lib/python3.10/asyncio/base_events.py", line 649, in run_until_complete
    return future.result()
  File "/home/sahilbhatia/pandax/main.py", line 178, in main
    await rewrite_notebook(
  File "/home/sahilbhatia/pandax/utils/rewrite.py", line 219, in rewrite_notebook
    rewritten_pre_checkpoint_path.unlink()
  File "/opt/conda/envs/rapids-25.02/lib/python3.10/pathlib.py", line 1206, in unlink
    self._accessor.unlink(self)
FileNotFoundError: [Errno 2] No such file or directory: '/home/sahilbhatia/pandax/dias_notebooks/sanket7994/imdb-dataset-eda-project/src/small_annotated/checkpoints/pre_cell_0.pickle'
Status: FAILED (exit 1)
Finished: Mon Mar 30 04:32:32 UTC 2026

